
     Program PWSCF v.5.3.0 (svn rev. 11974) starts on 28Mar2016 at 16:57:37 

     This program is part of the open-source Quantum ESPRESSO suite
     for quantum simulation of materials; please cite
         "P. Giannozzi et al., J. Phys.:Condens. Matter 21 395502 (2009);
          URL http://www.quantum-espresso.org", 
     in publications or presentations arising from this work. More details at
     http://www.quantum-espresso.org/quote

     Parallel version (MPI), running on     1 processors
     Waiting for input...
     Reading input from standard input

     Current dimensions of program PWSCF are:
     Max number of different atomic species (ntypx) = 10
     Max number of k-points (npk) =  40000
     Max angular momentum in pseudopotentials (lmaxx) =  3

     Subspace diagonalization in iterative solution of the eigenvalue problem:
     a serial algorithm will be used


     G-vector sticks info
     --------------------
     sticks:   dense  smooth     PW     G-vecs:    dense   smooth      PW
     Sum          91      91     37                  609      609     169



     bravais-lattice index     =            0
     lattice parameter (alat)  =       7.5000  a.u.
     unit-cell volume          =     105.4688 (a.u.)^3
     number of atoms/cell      =            1
     number of atomic types    =            1
     number of electrons       =         3.00
     number of Kohn-Sham states=            6
     kinetic-energy cutoff     =      12.0000  Ry
     charge density cutoff     =      48.0000  Ry
     convergence threshold     =      1.0E-06
     mixing beta               =       0.7000
     number of iterations used =            8  plain     mixing
     Exchange-correlation      =  SLA  PZ   NOGX NOGC ( 1  1  0  0 0 0)

     celldm(1)=   7.500000  celldm(2)=   0.000000  celldm(3)=   0.000000
     celldm(4)=   0.000000  celldm(5)=   0.000000  celldm(6)=   0.000000

     crystal axes: (cart. coord. in units of alat)
               a(1) = (   0.000000   0.500000   0.500000 )  
               a(2) = (   0.500000   0.000000   0.500000 )  
               a(3) = (   0.500000   0.500000   0.000000 )  

     reciprocal axes: (cart. coord. in units 2 pi/alat)
               b(1) = ( -1.000000  1.000000  1.000000 )  
               b(2) = (  1.000000 -1.000000  1.000000 )  
               b(3) = (  1.000000  1.000000 -1.000000 )  


     PseudoPot. # 1 for Al read from file:
     /Users/mdavezac/workspaces/pylada-light/data/upf_files/Al.pz-vbc.UPF
     MD5 check sum: 614279c88ff8d45c90147292d03ed420
     Pseudo is Norm-conserving, Zval =  3.0
     Generated by new atomic code, or converted to UPF format
     Using radial grid of  171 points,  2 beta functions with: 
                l(1) =   0
                l(2) =   1

     atomic species   valence    mass     pseudopotential
        Al             3.00     1.00000     Al( 1.00)

     48 Sym. Ops., with inversion, found



   Cartesian axes

     site n.     atom                  positions (alat units)
         1           Al  tau(   1) = (   0.0000000   0.0000000   0.0000000  )

     number of k points=    28  Marzari-Vanderbilt smearing, width (Ry)=  0.0600
                       cart. coord. in units 2pi/alat
        k(    1) = (   0.0833333   0.0833333   0.0833333), wk =   0.0185185
        k(    2) = (   0.2500000   0.2500000  -0.0833333), wk =   0.0555556
        k(    3) = (   0.4166667   0.4166667  -0.2500000), wk =   0.0555556
        k(    4) = (  -0.4166667  -0.4166667   0.5833333), wk =   0.0555556
        k(    5) = (  -0.2500000  -0.2500000   0.4166667), wk =   0.0555556
        k(    6) = (  -0.0833333  -0.0833333   0.2500000), wk =   0.0555556
        k(    7) = (   0.4166667   0.0833333   0.0833333), wk =   0.0555556
        k(    8) = (   0.5833333   0.2500000  -0.0833333), wk =   0.1111111
        k(    9) = (  -0.2500000  -0.5833333   0.7500000), wk =   0.1111111
        k(   10) = (  -0.0833333  -0.4166667   0.5833333), wk =   0.1111111
        k(   11) = (   0.0833333  -0.2500000   0.4166667), wk =   0.1111111
        k(   12) = (   0.7500000   0.0833333   0.0833333), wk =   0.0555556
        k(   13) = (  -0.0833333  -0.7500000   0.9166667), wk =   0.1111111
        k(   14) = (   0.0833333  -0.5833333   0.7500000), wk =   0.1111111
        k(   15) = (   0.2500000  -0.4166667   0.5833333), wk =   0.1111111
        k(   16) = (  -0.9166667   0.0833333   0.0833333), wk =   0.0555556
        k(   17) = (  -0.7500000   0.2500000  -0.0833333), wk =   0.1111111
        k(   18) = (  -0.5833333   0.0833333   0.0833333), wk =   0.0555556
        k(   19) = (   0.2500000   0.2500000   0.2500000), wk =   0.0185185
        k(   20) = (   0.4166667   0.4166667   0.0833333), wk =   0.0555556
        k(   21) = (  -0.4166667  -0.4166667   0.9166667), wk =   0.0555556
        k(   22) = (  -0.2500000  -0.2500000   0.7500000), wk =   0.0555556
        k(   23) = (   0.5833333   0.2500000   0.2500000), wk =   0.0555556
        k(   24) = (  -0.2500000  -0.5833333   1.0833333), wk =   0.1111111
        k(   25) = (  -0.0833333  -0.4166667   0.9166667), wk =   0.1111111
        k(   26) = (  -1.0833333   0.2500000   0.2500000), wk =   0.0555556
        k(   27) = (   0.4166667   0.4166667   0.4166667), wk =   0.0185185
        k(   28) = (  -0.4166667  -0.4166667   1.2500000), wk =   0.0555556

     Dense  grid:      609 G-vectors     FFT dimensions: (  12,  12,  12)

     Largest allocated arrays     est. size (Mb)     dimensions
        Kohn-Sham Wavefunctions         0.01 Mb     (      79,    6)
        NL pseudopotentials             0.00 Mb     (      79,    4)
        Each V/rho on FFT grid          0.03 Mb     (    1728)
        Each G-vector array             0.00 Mb     (     609)
        G-vector shells                 0.00 Mb     (      25)
     Largest temporary arrays     est. size (Mb)     dimensions
        Auxiliary wavefunctions         0.03 Mb     (      79,   24)
        Each subspace H/S matrix        0.01 Mb     (      24,   24)
        Each <psi_i|beta_j> matrix      0.00 Mb     (       4,    6)
        Arrays for rho mixing           0.21 Mb     (    1728,    8)

     Initial potential from superposition of free atoms

     starting charge    2.99794, renormalised to    3.00000
     Starting wfc are    4 randomized atomic wfcs +    2 random wfc

     total cpu time spent up to now is        0.1 secs

     Self-consistent Calculation

     iteration #  1     ecut=    12.00 Ry     beta=0.70
     Davidson diagonalization with overlap
     ethr =  1.00E-02,  avg # of iterations =  4.2

     Threshold (ethr) on eigenvalues was too large:
     Diagonalizing with lowered threshold

     Davidson diagonalization with overlap
     ethr =  2.06E-04,  avg # of iterations =  1.3

     total cpu time spent up to now is        0.2 secs

     total energy              =      -4.18283228 Ry
     Harris-Foulkes estimate   =      -4.18366231 Ry
     estimated scf accuracy    <       0.00616939 Ry

     iteration #  2     ecut=    12.00 Ry     beta=0.70
     Davidson diagonalization with overlap
     ethr =  2.06E-04,  avg # of iterations =  1.0

     total cpu time spent up to now is        0.2 secs

     total energy              =      -4.18282391 Ry
     Harris-Foulkes estimate   =      -4.18285697 Ry
     estimated scf accuracy    <       0.00048212 Ry

     iteration #  3     ecut=    12.00 Ry     beta=0.70
     Davidson diagonalization with overlap
     ethr =  1.61E-05,  avg # of iterations =  1.4

     total cpu time spent up to now is        0.3 secs

     End of self-consistent calculation

          k = 0.0833 0.0833 0.0833 (    65 PWs)   bands (ev):

    -2.9625  18.4944  20.6069  20.6075  23.3392  23.5033

          k = 0.2500 0.2500-0.0833 (    67 PWs)   bands (ev):

    -1.9142  14.0415  17.0596  21.5245  22.8701  24.0762

          k = 0.4167 0.4167-0.2500 (    74 PWs)   bands (ev):

     0.6538   8.0368  16.5831  19.8831  21.2495  21.6877

          k =-0.4167-0.4167 0.5833 (    74 PWs)   bands (ev):

     3.1580   4.6646  17.4837  18.1350  19.8511  22.1328

          k =-0.2500-0.2500 0.4167 (    71 PWs)   bands (ev):

    -0.3646   9.9348  17.6826  19.2937  19.7618  24.3081

          k =-0.0833-0.0833 0.2500 (    66 PWs)   bands (ev):

    -2.4368  16.2856  18.5199  19.8446  22.4254  23.5004

          k = 0.4167 0.0833 0.0833 (    72 PWs)   bands (ev):

    -1.3993  14.4331  16.7959  18.1071  18.9834  21.2870

          k = 0.5833 0.2500-0.0833 (    75 PWs)   bands (ev):

     0.6519  10.7546  13.9221  15.3922  19.4754  22.7233

          k =-0.2500-0.5833 0.7500 (    74 PWs)   bands (ev):

     4.1329   5.6356  12.9456  14.4542  20.1885  24.1018

          k =-0.0833-0.4167 0.5833 (    74 PWs)   bands (ev):

     1.6642   8.8755  12.1759  16.2313  21.9923  23.1178

          k = 0.0833-0.2500 0.4167 (    72 PWs)   bands (ev):

    -0.8810  12.1723  15.3270  19.3597  20.7458  23.7173

          k = 0.7500 0.0833 0.0833 (    77 PWs)   bands (ev):

     2.1595  11.0366  12.1258  14.6528  15.7809  19.3133

          k =-0.0833-0.7500 0.9167 (    76 PWs)   bands (ev):

     5.0466   8.2359   9.4086  12.6739  18.1075  21.5839

          k = 0.0833-0.5833 0.7500 (    75 PWs)   bands (ev):

     5.1040   6.5118   9.7989  13.9613  19.7700  26.1795

          k = 0.2500-0.4167 0.5833 (    75 PWs)   bands (ev):

     2.1655   6.5935  15.2379  16.6804  20.9320  22.3995

          k =-0.9167 0.0833 0.0833 (    74 PWs)   bands (ev):

     4.5692   7.8007  11.6331  14.2294  15.2953  18.9111

          k =-0.7500 0.2500-0.0833 (    77 PWs)   bands (ev):

     2.6570   9.7880  11.5284  13.1800  18.5687  21.9667

          k =-0.5833 0.0833 0.0833 (    76 PWs)   bands (ev):

     0.1408  13.0171  14.8194  15.5073  16.7546  20.1328

          k = 0.2500 0.2500 0.2500 (    68 PWs)   bands (ev):

    -1.3944  11.8141  19.4225  19.4225  23.0014  23.3874

          k = 0.4167 0.4167 0.0833 (    73 PWs)   bands (ev):

     0.1444  10.2969  13.5725  19.4440  21.5253  23.4650

          k =-0.4167-0.4167 0.9167 (    75 PWs)   bands (ev):

     3.1594   7.4524  10.7725  16.8225  18.7940  26.1996

          k =-0.2500-0.2500 0.7500 (    74 PWs)   bands (ev):

     3.1573   7.5383  12.0571  15.5172  17.2644  24.7350

          k = 0.5833 0.2500 0.2500 (    75 PWs)   bands (ev):

     1.1594   8.5012  15.7352  16.3796  18.1775  25.3765

          k =-0.2500-0.5833 1.0833 (    76 PWs)   bands (ev):

     3.6485   7.9211  11.1433  12.6892  22.2003  23.6909

          k =-0.0833-0.4167 0.9167 (    75 PWs)   bands (ev):

     5.9928   7.4310   9.2244  10.9579  21.7935  24.6771

          k =-1.0833 0.2500 0.2500 (    74 PWs)   bands (ev):

     5.5168   7.0349   8.8684  15.0901  16.7818  24.3817

          k = 0.4167 0.4167 0.4167 (    73 PWs)   bands (ev):

     1.6663   6.1215  19.4559  19.4559  20.7884  20.7887

          k =-0.4167-0.4167 1.2500 (    79 PWs)   bands (ev):

     3.6458   5.1425  13.9160  17.2563  19.1886  23.9268

     the Fermi energy is     8.2893 ev

!    total energy              =      -4.18282664 Ry
     Harris-Foulkes estimate   =      -4.18282658 Ry
     estimated scf accuracy    <       0.00000031 Ry

     The total energy is the sum of the following terms:

     one-electron contribution =       2.94435134 Ry
     hartree contribution      =       0.01008535 Ry
     xc contribution           =      -1.63468269 Ry
     ewald contribution        =      -5.50183452 Ry
     smearing contrib. (-TS)   =      -0.00074612 Ry

     convergence has been achieved in   3 iterations

     Writing output data file pwscf.save

     init_run     :      0.08s CPU      0.04s WALL (       1 calls)
     electrons    :      0.68s CPU      0.23s WALL (       1 calls)

     Called by init_run:
     wfcinit      :      0.05s CPU      0.02s WALL (       1 calls)
     potinit      :      0.00s CPU      0.00s WALL (       1 calls)

     Called by electrons:
     c_bands      :      0.59s CPU      0.20s WALL (       4 calls)
     sum_band     :      0.08s CPU      0.03s WALL (       4 calls)
     v_of_rho     :      0.00s CPU      0.00s WALL (       4 calls)
     mix_rho      :      0.00s CPU      0.00s WALL (       4 calls)

     Called by c_bands:
     init_us_2    :      0.01s CPU      0.00s WALL (     252 calls)
     cegterg      :      0.58s CPU      0.20s WALL (     112 calls)

     Called by sum_band:

     Called by *egterg:
     h_psi        :      0.41s CPU      0.14s WALL (     359 calls)
     g_psi        :      0.00s CPU      0.00s WALL (     219 calls)
     cdiaghg      :      0.19s CPU      0.07s WALL (     303 calls)

     Called by h_psi:
     add_vuspsi   :      0.00s CPU      0.00s WALL (     359 calls)

     General routines
     calbec       :      0.00s CPU      0.00s WALL (     359 calls)
     fft          :      0.01s CPU      0.01s WALL (      17 calls)
     fftw         :      0.44s CPU      0.15s WALL (    4422 calls)
     davcio       :      0.00s CPU      0.00s WALL (      28 calls)

     Parallel routines
     fft_scatter  :      0.02s CPU      0.01s WALL (    4439 calls)

     PWSCF        :     0.91s CPU         0.35s WALL


   This run was terminated on:  16:57:38  28Mar2016            

=------------------------------------------------------------------------------=
   JOB DONE.
=------------------------------------------------------------------------------=
