
     Program PWSCF v.5.3.0 (svn rev. 11974) starts on 30Mar2016 at 13: 2:35 

     This program is part of the open-source Quantum ESPRESSO suite
     for quantum simulation of materials; please cite
         "P. Giannozzi et al., J. Phys.:Condens. Matter 21 395502 (2009);
          URL http://www.quantum-espresso.org", 
     in publications or presentations arising from this work. More details at
     http://www.quantum-espresso.org/quote

     Parallel version (MPI), running on     1 processors
     Waiting for input...
     Reading input from standard input

     Current dimensions of program PWSCF are:
     Max number of different atomic species (ntypx) = 10
     Max number of k-points (npk) =  40000
     Max angular momentum in pseudopotentials (lmaxx) =  3

     Subspace diagonalization in iterative solution of the eigenvalue problem:
     a serial algorithm will be used


     G-vector sticks info
     --------------------
     sticks:   dense  smooth     PW     G-vecs:    dense   smooth      PW
     Sum         163     163     55                 1459     1459     283



     bravais-lattice index     =            0
     lattice parameter (alat)  =      10.2000  a.u.
     unit-cell volume          =     265.3020 (a.u.)^3
     number of atoms/cell      =            2
     number of atomic types    =            1
     number of electrons       =         8.00
     number of Kohn-Sham states=            4
     kinetic-energy cutoff     =      12.0000  Ry
     charge density cutoff     =      48.0000  Ry
     convergence threshold     =      1.0E-06
     mixing beta               =       0.7000
     number of iterations used =            8  plain     mixing
     Exchange-correlation      =  SLA  PZ   NOGX NOGC ( 1  1  0  0 0 0)
     nstep                     =           50


     celldm(1)=  10.200000  celldm(2)=   0.000000  celldm(3)=   0.000000
     celldm(4)=   0.000000  celldm(5)=   0.000000  celldm(6)=   0.000000

     crystal axes: (cart. coord. in units of alat)
               a(1) = (   0.000000   0.500000   0.500000 )  
               a(2) = (   0.500000   0.000000   0.500000 )  
               a(3) = (   0.500000   0.500000   0.000000 )  

     reciprocal axes: (cart. coord. in units 2 pi/alat)
               b(1) = ( -1.000000  1.000000  1.000000 )  
               b(2) = (  1.000000 -1.000000  1.000000 )  
               b(3) = (  1.000000  1.000000 -1.000000 )  


     PseudoPot. # 1 for Si read from file:
     /Users/mdavezac/workspaces/pylada-light/data/upf_files/Si.pz-vbc.UPF
     MD5 check sum: 6dfa03ddd5817404712e03e4d12deb78
     Pseudo is Norm-conserving, Zval =  4.0
     Generated by new atomic code, or converted to UPF format
     Using radial grid of  431 points,  2 beta functions with: 
                l(1) =   0
                l(2) =   1

     atomic species   valence    mass     pseudopotential
        Si             4.00     1.00000     Si( 1.00)

     No symmetry found



   Cartesian axes

     site n.     atom                  positions (alat units)
         1           Si  tau(   1) = (   0.0000000   0.0000000   0.0000000  )
         2           Si  tau(   2) = (   0.2452332   0.2452767   0.2545317  )

     number of k points=    16
                       cart. coord. in units 2pi/alat
        k(    1) = (   0.2500000   0.2500000   0.7500000), wk =   0.1250000
        k(    2) = (   0.2500000   0.2500000   0.2500000), wk =   0.1250000
        k(    3) = (  -0.2500000  -0.2500000   0.7500000), wk =   0.1250000
        k(    4) = (  -0.2500000   0.2500000  -0.7500000), wk =   0.1250000
        k(    5) = (   0.2500000  -0.2500000  -0.7500000), wk =   0.1250000
        k(    6) = (   0.7500000  -0.2500000   0.2500000), wk =   0.1250000
        k(    7) = (  -0.7500000  -0.2500000  -0.2500000), wk =   0.1250000
        k(    8) = (   0.7500000   0.2500000  -0.2500000), wk =   0.1250000
        k(    9) = (  -0.7500000   0.2500000   0.2500000), wk =   0.1250000
        k(   10) = (  -0.2500000   0.7500000   0.2500000), wk =   0.1250000
        k(   11) = (  -0.2500000  -0.7500000  -0.2500000), wk =   0.1250000
        k(   12) = (   0.2500000   0.7500000  -0.2500000), wk =   0.1250000
        k(   13) = (   0.2500000  -0.7500000   0.2500000), wk =   0.1250000
        k(   14) = (  -0.2500000  -0.2500000   0.2500000), wk =   0.1250000
        k(   15) = (  -0.2500000   0.2500000  -0.2500000), wk =   0.1250000
        k(   16) = (   0.2500000  -0.2500000  -0.2500000), wk =   0.1250000

     Dense  grid:     1459 G-vectors     FFT dimensions: (  15,  15,  15)

     Largest allocated arrays     est. size (Mb)     dimensions
        Kohn-Sham Wavefunctions         0.01 Mb     (     186,    4)
        NL pseudopotentials             0.02 Mb     (     186,    8)
        Each V/rho on FFT grid          0.05 Mb     (    3375)
        Each G-vector array             0.01 Mb     (    1459)
        G-vector shells                 0.00 Mb     (      43)
     Largest temporary arrays     est. size (Mb)     dimensions
        Auxiliary wavefunctions         0.05 Mb     (     186,   16)
        Each subspace H/S matrix        0.00 Mb     (      16,   16)
        Each <psi_i|beta_j> matrix      0.00 Mb     (       8,    4)
        Arrays for rho mixing           0.41 Mb     (    3375,    8)

     Initial potential from superposition of free atoms

     starting charge    7.99901, renormalised to    8.00000
     Starting wfc are    8 randomized atomic wfcs

     total cpu time spent up to now is        0.1 secs

     Self-consistent Calculation

     iteration #  1     ecut=    12.00 Ry     beta=0.70
     Davidson diagonalization with overlap
     ethr =  1.00E-02,  avg # of iterations =  2.0

     Threshold (ethr) on eigenvalues was too large:
     Diagonalizing with lowered threshold

     Davidson diagonalization with overlap
     ethr =  7.94E-04,  avg # of iterations =  1.0

     total cpu time spent up to now is        0.1 secs

     total energy              =     -15.79007374 Ry
     Harris-Foulkes estimate   =     -15.81144657 Ry
     estimated scf accuracy    <       0.06376673 Ry

     iteration #  2     ecut=    12.00 Ry     beta=0.70
     Davidson diagonalization with overlap
     ethr =  7.97E-04,  avg # of iterations =  1.0

     total cpu time spent up to now is        0.2 secs

     total energy              =     -15.79313401 Ry
     Harris-Foulkes estimate   =     -15.79346112 Ry
     estimated scf accuracy    <       0.00230283 Ry

     iteration #  3     ecut=    12.00 Ry     beta=0.70
     Davidson diagonalization with overlap
     ethr =  2.88E-05,  avg # of iterations =  2.0

     total cpu time spent up to now is        0.2 secs

     total energy              =     -15.79351827 Ry
     Harris-Foulkes estimate   =     -15.79354092 Ry
     estimated scf accuracy    <       0.00006335 Ry

     iteration #  4     ecut=    12.00 Ry     beta=0.70
     Davidson diagonalization with overlap
     ethr =  7.92E-07,  avg # of iterations =  2.0

     total cpu time spent up to now is        0.2 secs

     total energy              =     -15.79353530 Ry
     Harris-Foulkes estimate   =     -15.79353699 Ry
     estimated scf accuracy    <       0.00000451 Ry

     iteration #  5     ecut=    12.00 Ry     beta=0.70
     Davidson diagonalization with overlap
     ethr =  5.64E-08,  avg # of iterations =  2.2

     total cpu time spent up to now is        0.3 secs

     End of self-consistent calculation

          k = 0.2500 0.2500 0.7500 (   186 PWs)   bands (ev):

    -2.8991  -0.1443   2.8045   3.9743

          k = 0.2500 0.2500 0.2500 (   180 PWs)   bands (ev):

    -4.8694   2.3338   5.4270   5.6928

          k =-0.2500-0.2500 0.7500 (   186 PWs)   bands (ev):

    -2.9680   0.0783   2.6229   3.9924

          k =-0.2500 0.2500-0.7500 (   186 PWs)   bands (ev):

    -2.9062  -0.0986   2.6410   4.0923

          k = 0.2500-0.2500-0.7500 (   186 PWs)   bands (ev):

    -2.9059  -0.0996   2.6418   4.0922

          k = 0.7500-0.2500 0.2500 (   186 PWs)   bands (ev):

    -2.9008  -0.1396   2.8041   3.9718

          k =-0.7500-0.2500-0.2500 (   186 PWs)   bands (ev):

    -2.9046  -0.1029   2.6416   4.0943

          k = 0.7500 0.2500-0.2500 (   186 PWs)   bands (ev):

    -2.9680   0.0773   2.6270   3.9894

          k =-0.7500 0.2500 0.2500 (   186 PWs)   bands (ev):

    -2.9061  -0.0983   2.6380   4.0946

          k =-0.2500 0.7500 0.2500 (   186 PWs)   bands (ev):

    -2.9005  -0.1405   2.8041   3.9723

          k =-0.2500-0.7500-0.2500 (   186 PWs)   bands (ev):

    -2.9046  -0.1032   2.6423   4.0938

          k = 0.2500 0.7500-0.2500 (   186 PWs)   bands (ev):

    -2.9680   0.0775   2.6262   3.9899

          k = 0.2500-0.7500 0.2500 (   186 PWs)   bands (ev):

    -2.9064  -0.0975   2.6378   4.0943

          k =-0.2500-0.2500 0.2500 (   180 PWs)   bands (ev):

    -4.8806   2.4985   5.4713   5.4777

          k =-0.2500 0.2500-0.2500 (   180 PWs)   bands (ev):

    -4.8697   2.3378   5.4232   5.6927

          k = 0.2500-0.2500-0.2500 (   180 PWs)   bands (ev):

    -4.8697   2.3371   5.4239   5.6927

     highest occupied level (ev):     5.6928

!    total energy              =     -15.79353612 Ry
     Harris-Foulkes estimate   =     -15.79353614 Ry
     estimated scf accuracy    <       0.00000004 Ry

     The total energy is the sum of the following terms:

     one-electron contribution =       4.83298773 Ry
     hartree contribution      =       1.08444270 Ry
     xc contribution           =      -4.81283384 Ry
     ewald contribution        =     -16.89813272 Ry

     convergence has been achieved in   5 iterations

     Forces acting on atoms (Ry/au):

     atom    1 type  1   force =    -0.01341519   -0.01327568    0.01266672
     atom    2 type  1   force =     0.01341519    0.01327568   -0.01266672

     Total force =     0.032145     Total SCF correction =     0.000015

     BFGS Geometry Optimization

     number of scf cycles    =   1
     number of bfgs steps    =   0

     energy   new            =     -15.7935361216 Ry

     new trust radius        =       0.0227300857 bohr
     new conv_thr            =       0.0000010000 Ry


ATOMIC_POSITIONS (alat)
Si      -0.001315215  -0.001301537   0.001241835
Si       0.246548392   0.246578247   0.253289914



     Writing output data file pwscf.save
     NEW-OLD atomic charge density approx. for the potential

     total cpu time spent up to now is        0.3 secs

     Self-consistent Calculation

     iteration #  1     ecut=    12.00 Ry     beta=0.70
     Davidson diagonalization with overlap
     ethr =  1.00E-06,  avg # of iterations =  4.0

     total cpu time spent up to now is        0.4 secs

     total energy              =     -15.79429594 Ry
     Harris-Foulkes estimate   =     -15.79429731 Ry
     estimated scf accuracy    <       0.00001762 Ry

     iteration #  2     ecut=    12.00 Ry     beta=0.70
     Davidson diagonalization with overlap
     ethr =  2.20E-07,  avg # of iterations =  1.2

     total cpu time spent up to now is        0.4 secs

     End of self-consistent calculation

          k = 0.2500 0.2500 0.7500 (   186 PWs)   bands (ev):

    -2.9082  -0.1014   2.7357   4.0078

          k = 0.2500 0.2500 0.2500 (   180 PWs)   bands (ev):

    -4.8696   2.3591   5.4867   5.6062

          k =-0.2500-0.2500 0.7500 (   186 PWs)   bands (ev):

    -2.9398  -0.0004   2.6539   4.0160

          k =-0.2500 0.2500-0.7500 (   186 PWs)   bands (ev):

    -2.9112  -0.0806   2.6627   4.0593

          k = 0.2500-0.2500-0.7500 (   186 PWs)   bands (ev):

    -2.9111  -0.0810   2.6630   4.0593

          k = 0.7500-0.2500 0.2500 (   186 PWs)   bands (ev):

    -2.9088  -0.0996   2.7355   4.0068

          k =-0.7500-0.2500-0.2500 (   186 PWs)   bands (ev):

    -2.9106  -0.0823   2.6629   4.0601

          k = 0.7500 0.2500-0.2500 (   186 PWs)   bands (ev):

    -2.9397  -0.0008   2.6554   4.0149

          k =-0.7500 0.2500 0.2500 (   186 PWs)   bands (ev):

    -2.9112  -0.0806   2.6615   4.0603

          k =-0.2500 0.7500 0.2500 (   186 PWs)   bands (ev):

    -2.9087  -0.1000   2.7355   4.0070

          k =-0.2500-0.7500-0.2500 (   186 PWs)   bands (ev):

    -2.9106  -0.0824   2.6632   4.0599

          k = 0.2500 0.7500-0.2500 (   186 PWs)   bands (ev):

    -2.9397  -0.0007   2.6551   4.0151

          k = 0.2500-0.7500 0.2500 (   186 PWs)   bands (ev):

    -2.9113  -0.0803   2.6614   4.0601

          k =-0.2500-0.2500 0.2500 (   180 PWs)   bands (ev):

    -4.8747   2.4331   5.5079   5.5103

          k =-0.2500 0.2500-0.2500 (   180 PWs)   bands (ev):

    -4.8697   2.3606   5.4853   5.6061

          k = 0.2500-0.2500-0.2500 (   180 PWs)   bands (ev):

    -4.8697   2.3604   5.4855   5.6062

     highest occupied level (ev):     5.6062

!    total energy              =     -15.79429707 Ry
     Harris-Foulkes estimate   =     -15.79429692 Ry
     estimated scf accuracy    <       0.00000099 Ry

     The total energy is the sum of the following terms:

     one-electron contribution =       4.83356347 Ry
     hartree contribution      =       1.08440600 Ry
     xc contribution           =      -4.81284741 Ry
     ewald contribution        =     -16.89941913 Ry

     convergence has been achieved in   2 iterations

     Forces acting on atoms (Ry/au):

     atom    1 type  1   force =    -0.00621214   -0.00616200    0.00593706
     atom    2 type  1   force =     0.00621214    0.00616200   -0.00593706

     Total force =     0.014954     Total SCF correction =     0.000034

     number of scf cycles    =   2
     number of bfgs steps    =   1

     energy   old            =     -15.7935361216 Ry
     energy   new            =     -15.7942970732 Ry

     CASE: energy  _new < energy  _old

     new trust radius        =       0.0197720635 bohr
     new conv_thr            =       0.0000000621 Ry


ATOMIC_POSITIONS (alat)
Si      -0.002454030  -0.002431162   0.002330223
Si       0.247687207   0.247707871   0.252201526



     Writing output data file pwscf.save
     NEW-OLD atomic charge density approx. for the potential

     total cpu time spent up to now is        0.5 secs

     Self-consistent Calculation

     iteration #  1     ecut=    12.00 Ry     beta=0.70
     Davidson diagonalization with overlap
     ethr =  1.00E-06,  avg # of iterations =  3.6

     total cpu time spent up to now is        0.5 secs

     total energy              =     -15.79449383 Ry
     Harris-Foulkes estimate   =     -15.79449508 Ry
     estimated scf accuracy    <       0.00001356 Ry

     iteration #  2     ecut=    12.00 Ry     beta=0.70
     Davidson diagonalization with overlap
     ethr =  1.69E-07,  avg # of iterations =  1.6

     total cpu time spent up to now is        0.6 secs

     total energy              =     -15.79449494 Ry
     Harris-Foulkes estimate   =     -15.79449483 Ry
     estimated scf accuracy    <       0.00000074 Ry

     iteration #  3     ecut=    12.00 Ry     beta=0.70
     Davidson diagonalization with overlap
     ethr =  9.21E-09,  avg # of iterations =  2.0

     total cpu time spent up to now is        0.6 secs

     End of self-consistent calculation

          k = 0.2500 0.2500 0.7500 (   186 PWs)   bands (ev):

    -2.9176  -0.0634   2.6754   4.0368

          k = 0.2500 0.2500 0.2500 (   180 PWs)   bands (ev):

    -4.8706   2.3800   5.5320   5.5398

          k =-0.2500-0.2500 0.7500 (   186 PWs)   bands (ev):

    -2.9155  -0.0701   2.6809   4.0362

          k =-0.2500 0.2500-0.7500 (   186 PWs)   bands (ev):

    -2.9174  -0.0649   2.6801   4.0335

          k = 0.2500-0.2500-0.7500 (   186 PWs)   bands (ev):

    -2.9174  -0.0648   2.6801   4.0335

          k = 0.7500-0.2500 0.2500 (   186 PWs)   bands (ev):

    -2.9175  -0.0636   2.6755   4.0369

          k =-0.7500-0.2500-0.2500 (   186 PWs)   bands (ev):

    -2.9175  -0.0647   2.6801   4.0334

          k = 0.7500 0.2500-0.2500 (   186 PWs)   bands (ev):

    -2.9155  -0.0701   2.6807   4.0364

          k =-0.7500 0.2500 0.2500 (   186 PWs)   bands (ev):

    -2.9174  -0.0649   2.6803   4.0334

          k =-0.2500 0.7500 0.2500 (   186 PWs)   bands (ev):

    -2.9175  -0.0636   2.6755   4.0369

          k =-0.2500-0.7500-0.2500 (   186 PWs)   bands (ev):

    -2.9175  -0.0646   2.6801   4.0334

          k = 0.2500 0.7500-0.2500 (   186 PWs)   bands (ev):

    -2.9155  -0.0701   2.6807   4.0363

          k = 0.2500-0.7500 0.2500 (   186 PWs)   bands (ev):

    -2.9174  -0.0649   2.6803   4.0334

          k =-0.2500-0.2500 0.2500 (   180 PWs)   bands (ev):

    -4.8703   2.3751   5.5382   5.5385

          k =-0.2500 0.2500-0.2500 (   180 PWs)   bands (ev):

    -4.8706   2.3798   5.5320   5.5400

          k = 0.2500-0.2500-0.2500 (   180 PWs)   bands (ev):

    -4.8706   2.3799   5.5320   5.5399

     highest occupied level (ev):     5.5400

!    total energy              =     -15.79449501 Ry
     Harris-Foulkes estimate   =     -15.79449501 Ry
     estimated scf accuracy    <       0.00000002 Ry

     The total energy is the sum of the following terms:

     one-electron contribution =       4.83372127 Ry
     hartree contribution      =       1.08439062 Ry
     xc contribution           =      -4.81284980 Ry
     ewald contribution        =     -16.89975711 Ry

     convergence has been achieved in   3 iterations

     Forces acting on atoms (Ry/au):

     atom    1 type  1   force =     0.00042112    0.00041462   -0.00038272
     atom    2 type  1   force =    -0.00042112   -0.00041462    0.00038272

     Total force =     0.000996     Total SCF correction =     0.000033

     number of scf cycles    =   3
     number of bfgs steps    =   2

     energy   old            =     -15.7942970732 Ry
     energy   new            =     -15.7944950129 Ry

     CASE: energy  _new < energy  _old

     new trust radius        =       0.0012341385 bohr
     new conv_thr            =       0.0000000100 Ry


ATOMIC_POSITIONS (alat)
Si      -0.002382255  -0.002360252   0.002263443
Si       0.247615432   0.247636961   0.252268307



     Writing output data file pwscf.save
     NEW-OLD atomic charge density approx. for the potential

     total cpu time spent up to now is        0.6 secs

     Self-consistent Calculation

     iteration #  1     ecut=    12.00 Ry     beta=0.70
     Davidson diagonalization with overlap
     ethr =  1.00E-06,  avg # of iterations =  1.2

     Threshold (ethr) on eigenvalues was too large:
     Diagonalizing with lowered threshold

     Davidson diagonalization with overlap
     ethr =  6.19E-10,  avg # of iterations =  3.6

     total cpu time spent up to now is        0.7 secs

     total energy              =     -15.79449587 Ry
     Harris-Foulkes estimate   =     -15.79449588 Ry
     estimated scf accuracy    <       0.00000007 Ry

     iteration #  2     ecut=    12.00 Ry     beta=0.70
     Davidson diagonalization with overlap
     ethr =  8.21E-10,  avg # of iterations =  1.6

     total cpu time spent up to now is        0.8 secs

     End of self-consistent calculation

          k = 0.2500 0.2500 0.7500 (   186 PWs)   bands (ev):

    -2.9169  -0.0658   2.6792   4.0350

          k = 0.2500 0.2500 0.2500 (   180 PWs)   bands (ev):

    -4.8705   2.3787   5.5365   5.5367

          k =-0.2500-0.2500 0.7500 (   186 PWs)   bands (ev):

    -2.9170  -0.0657   2.6792   4.0350

          k =-0.2500 0.2500-0.7500 (   186 PWs)   bands (ev):

    -2.9169  -0.0658   2.6791   4.0351

          k = 0.2500-0.2500-0.7500 (   186 PWs)   bands (ev):

    -2.9169  -0.0658   2.6791   4.0351

          k = 0.7500-0.2500 0.2500 (   186 PWs)   bands (ev):

    -2.9169  -0.0658   2.6792   4.0350

          k =-0.7500-0.2500-0.2500 (   186 PWs)   bands (ev):

    -2.9169  -0.0658   2.6791   4.0351

          k = 0.7500 0.2500-0.2500 (   186 PWs)   bands (ev):

    -2.9170  -0.0657   2.6791   4.0350

          k =-0.7500 0.2500 0.2500 (   186 PWs)   bands (ev):

    -2.9169  -0.0658   2.6792   4.0351

          k =-0.2500 0.7500 0.2500 (   186 PWs)   bands (ev):

    -2.9169  -0.0658   2.6792   4.0350

          k =-0.2500-0.7500-0.2500 (   186 PWs)   bands (ev):

    -2.9169  -0.0658   2.6791   4.0351

          k = 0.2500 0.7500-0.2500 (   186 PWs)   bands (ev):

    -2.9170  -0.0657   2.6791   4.0350

          k = 0.2500-0.7500 0.2500 (   186 PWs)   bands (ev):

    -2.9169  -0.0658   2.6792   4.0351

          k =-0.2500-0.2500 0.2500 (   180 PWs)   bands (ev):

    -4.8705   2.3788   5.5365   5.5365

          k =-0.2500 0.2500-0.2500 (   180 PWs)   bands (ev):

    -4.8705   2.3787   5.5365   5.5367

          k = 0.2500-0.2500-0.2500 (   180 PWs)   bands (ev):

    -4.8705   2.3787   5.5365   5.5367

     highest occupied level (ev):     5.5367

!    total energy              =     -15.79449587 Ry
     Harris-Foulkes estimate   =     -15.79449587 Ry
     estimated scf accuracy    <          3.3E-09 Ry

     The total energy is the sum of the following terms:

     one-electron contribution =       4.83371944 Ry
     hartree contribution      =       1.08439495 Ry
     xc contribution           =      -4.81285169 Ry
     ewald contribution        =     -16.89975858 Ry

     convergence has been achieved in   2 iterations

     Forces acting on atoms (Ry/au):

     atom    1 type  1   force =    -0.00000632   -0.00000775    0.00001397
     atom    2 type  1   force =     0.00000632    0.00000775   -0.00001397

     Total force =     0.000024     Total SCF correction =     0.000004
     SCF correction compared to forces is large: reduce conv_thr to get better values

     bfgs converged in   4 scf cycles and   3 bfgs steps
     (criteria: energy <  1.0E-04, force <  1.0E-03)

     End of BFGS Geometry Optimization

     Final energy   =     -15.7944958737 Ry
Begin final coordinates

ATOMIC_POSITIONS (alat)
Si      -0.002382255  -0.002360252   0.002263443
Si       0.247615432   0.247636961   0.252268307
End final coordinates



     Writing output data file pwscf.save

     init_run     :      0.11s CPU      0.04s WALL (       1 calls)
     electrons    :      1.63s CPU      0.59s WALL (       4 calls)
     update_pot   :      0.02s CPU      0.01s WALL (       3 calls)
     forces       :      0.02s CPU      0.01s WALL (       4 calls)

     Called by init_run:
     wfcinit      :      0.07s CPU      0.03s WALL (       1 calls)
     potinit      :      0.00s CPU      0.00s WALL (       1 calls)

     Called by electrons:
     c_bands      :      1.38s CPU      0.50s WALL (      14 calls)
     sum_band     :      0.22s CPU      0.08s WALL (      14 calls)
     v_of_rho     :      0.01s CPU      0.00s WALL (      16 calls)
     mix_rho      :      0.01s CPU      0.00s WALL (      14 calls)

     Called by c_bands:
     init_us_2    :      0.04s CPU      0.01s WALL (     528 calls)
     cegterg      :      1.35s CPU      0.49s WALL (     224 calls)

     Called by sum_band:

     Called by *egterg:
     h_psi        :      1.20s CPU      0.43s WALL (     707 calls)
     g_psi        :      0.01s CPU      0.00s WALL (     467 calls)
     cdiaghg      :      0.14s CPU      0.06s WALL (     611 calls)

     Called by h_psi:
     add_vuspsi   :      0.01s CPU      0.00s WALL (     707 calls)

     General routines
     calbec       :      0.02s CPU      0.01s WALL (     963 calls)
     fft          :      0.02s CPU      0.01s WALL (      75 calls)
     fftw         :      1.29s CPU      0.46s WALL (    6154 calls)
     davcio       :      0.00s CPU      0.00s WALL (      16 calls)

     Parallel routines
     fft_scatter  :      0.04s CPU      0.02s WALL (    6229 calls)

     PWSCF        :     2.12s CPU         0.80s WALL


   This run was terminated on:  13: 2:36  30Mar2016            

=------------------------------------------------------------------------------=
   JOB DONE.
=------------------------------------------------------------------------------=
